type octile
changer
height 256
width 256
map
......................................................................................@@@@@@@@@@@...........................................................................@@@@@@@@@@@@@@@@@@@............@@@@@@@@@@@@@@@@@.........@.@@@@@@@@@................
........................................................................................@@@@@@@@@@@.........................................................................@@@@@@@@@@@@@@@@@@@............@@@@@@@@@@...@@@.........@@@@@@@@@@..................
..............................................................@..........................@@@@@@@@@@.........................................................................@@@@@@@.....@@@@@@@............@@@@@@@@.................@@@@@@@@@...................
.............................................................@@@.........................@@@@@@@@@@.........................................................................@@@@@@@.....@@@@@@@............@@@@@@@@................@@@@@@@@@...................@
............................................................@@@@@.........................@@@@@@@@@@....................................................................@@@@@@@@@@@@@@@@@@@@@@@............@@@@@@@@...............@@@@@@@@@..................@@@
..........................................................@@@@@@@@..........................@@@@@@@@@...................................................................@@@@@@@@@@@@@@@@@@@@@@@............@@@@@@@@.............@@@@@@@@@@..................@@@@
.........................................................@@@@@@@@@@.........................@@@@@@@@@@..................................................................@@@@@@@@@@@@@@@@@@@@@@@............@@@@@@@@.............@@@@@@@@@..................@@@@@
........................................................@@@@@@@@@@@@.........................@@@@@@@@@@.................................................................@@@@@...........@@@@@@@............@@@@@@@.............@@@@@@@@@..................@@@@@@
.......................................................@@@@@@@@@@@@@@.........................@@@@@@@@@@.................................................................@@@@......@@@..@@@@@@@............@@@@@@@............@@@@@@@@@..................@@@@@@.
......................................................@@@@@@@@@@@@@@@..........................@@@@@@@@@.................................................................@@@@@@@@@@@@@..@@@@@@@............@@@@@@@...........@@@@@@@@@..................@@@@@@..
.....................................................@@@@@@@@@@@@@@@@@.........................@@@@@@@@@@................................................................@@@@@@@@@@@@@@.@@@@@@@............@@@@@@@..........@@@@@@@@@....................@@@@...
...................................................@@@@@@@@@@@@@@@@@@@@.........................@@@@@@@@@@...............................................................@@@@@@@@@@@@@@@@@@@@@@............@@@@@@@.........@@@@@@@@@@......................@....
..................................................@@@@@@@@@@@@@@@@@@@@@@.........................@@@@@@@@@@.........................................................................@@@@@@@@@@@............@@@@@@@..........@@@@@@@.............................
.................................................@@@@@@@@@@@@@@@@@@@@@@@..........................@@@@@@@@@@........................................................................@@@@@@@@@@@............@@@@@@@@.........@@@@@@..............................
................................................@@@@@@@@@@@@@@@@@@@@@@@@@..........................@@@@@@@@@@...........................................................................@@@@@@@...................@...........@@@...............................
................................................@@@@@@@@@@@@@@@@@@@@@@@@@@..........................@@@@@@@@@@..........................................................................@@@@@@@................................@................................
................................................@.@@@@@@@@@@@@@@@@@@@@@@@@@..........................@@@@@@@@@@.........................................................................@@@@@@@.................................................................
...................................................@@@@@@@@@@@@@@@@@@@@@@@@@..........................@@@@@@@@@@....................................................................@@@@@@@@@@@.................................................................
....................................................@@@@@@@@@@@@@@@@@@@@@@@............................@@@@@@@@@@...................................................................@@@@@@@@@@@.................................................................
.....................................................@@@@@@@@@@@@@@@@@@@@@..............................@@@@@@@@@...................................................................@@@@@@@@@@@@................................................................
......................................................@@@@@@@@@@@@@@@@@@@................................@@@@@@@@@..................................................................@@@@@@@@@@@@................................................................
.......................................................@@@@@@@@@@@@@@@@@..................................@@@@@@@@@.....................................................................@@@@@@@@................................................................
........................................................@@@@@@@@@@@@@@@....................................@@@@@@@@@....................................................................@@@@@@@@................................................................
..........................................................@@@@@@@@@@@.......................................@@@@@@@@@...................................................................@@@@@@@@................................................................
...........................................................@@@@@@@@@.........................................@@@@@@@@@..................................................................@@@@@@@@................................................................
............................................................@@@@@@@..........................................@@@@@@@@@@.................................................................@@@@@@@@................................................................
.............................................................@@@@@............................................@@@@@@@@@@................................................................@@@@@@@@................................................................
..............................................................@@@..............................................@@@@@@@@@@.........................................................@@@...@@@@@@@@................................................................
...............................................................@................................................@@@@@@@@@@.....................................................@@@@@@@@@@@@@@@@@................................................................
.................................................................................................................@@@@@@@@@@....................................................@@@@@@@@@@@@@@@@@................................................................
..................................................................................................................@@@@@@@@@....................................................@@@@@@@@@@@@@@@@@................................................................
...................................................................................................................@@@@@@@@@............................................................@@@@@@@@................................................................
....................................................................................................................@@@@@@@@@...........................................................@@@@@@@@................................................................
.....................................................................................................................@@@@@@@@@..........................................................@@@@@@@@................................................................
......................................................................................................................@@@@@@@@@.........................................................@@@@@@@@................................................................
.......................................................................................................................@@@@@@@@@.......................................................@@@@@@@@@................................................................
........................................................................................................................@@@@@@@........................................................@@@@@@@@@................................................................
.........................................................................................................................@@@@@.........................................................@@@@@@@@@................................................................
..........................................................................................................................@@@............................................................@@@@@@.................................................................
...........................................................................................................................@.............................................................@@@@@@.................................................................
.........................................................................................................................................................................................@@@@@@.................................................................
.........................................................................................................................................................................................@@@@@@.................................................................
.........................................................................................................................................................................................@@@@@@.................................................................
.........................................................................................................................................................................................@@@@@@.................................................................
.........................................................................................................................................................................................@@@@@@.................................................................
..........................................................................................................................................................................................@@@@@.................................................................
..........................................................................................................................................................................................@@@@@....................@............................................
..........................................................................................................................................................................................@@@@@..................@@@@...........................................
..........................................................................................................................................................................................@@@..................@@@@@@@..........................................
..............................................................................................................................................................................................................@@@@@@@@@.........................................
.............................................................................................................................................................................................................@@@@@@@@@@@........................................
.@...........................................................................................................................................................................................................@@@@@@@@@@@@.......................................
@@@.........................................................................................................................................................................................................@@@@@@@@@@@@@@......................................
@@@........................................................................................................................................................................................................@@@@@@@@@@@@@@@@.....................................
@@@@...........................................................................................................@@@@.......................................................................................@@@@@@@@@@@@@@@@@@....................................
@@@@@..........................................................................................................@@@@......................................................................................@@@@@@@@@@@@@@@@@@@@...................................
@@@@@@......................................................................................................@@@@@@@@...................................................................................@@@@@@@@@@@@@@@@@@@@@@@..................................
@@@@@@.....................................................................................................@@@@@@@@@@..................................................................................@@@@@@@@@@@..@@@@@@@@@@@.................................
@@@@@@@..................................................................................................@@@@@@@@@@@@@................................................................................@@@@@@@@@@@....@@@@@@@@@@@................................
@@@@@@@@................................................................................................@@@@@@@@@@@@@@@..............................................................................@@@@@@@@@@@......@@@@@@@@@@@...............................
@@@@@@@@@..............................................................................................@@@@@@@@@@@@@@@@@@...........................................................................@@@@@@@@@@@........@@@@@@@@@@@..............................
@@@@@@@@@.............................................................................................@@@@@@@@@@@@@@@@@@@@.........................................................................@@@@@@@@@@@..........@@@@@@@@@@@.............................
@@@@@@@@@@...........................................................................................@@@@@@@@@@@@@@@@@@@@@@......................................................................@@@@@@@@@@@@............@@@@@@@@@@@............................
@@@@@@@@@@@.........................................................................................@@@@@@@@@@@@@@@@@@@@@@@.....................................................................@@@@@@@@@@@@@@............@@@@@@@@@@@...........................
@@@@@@@@@@@@......................................................................................@@@@@@@@@@@@@...@@@@@@@@@@...................................................................@@@@@@@@@@@@@@@@............@@@@@@@@@@@..........................
@@@@@@@@@@@@.....................................................................................@@@@@@@@@@@@......@@@@@@@@@@.................................................................@@@@@@@@@@@@@@@@@@............@@@@@@@@@@..........................
@@@@@@@@@@@@@..................................................................................@@@@@@@@@@@@@........@@@@@@@@@@.................................................................@@@@@@@@@@@@@@@@@@............@@@@@@@@@@.........................
@@@@@@@@@@@@@@................................................................................@@@@@@@@@@@@...........@@@@@@@@@@.................................................................@@@@@@@@@@@@@@@@@@...........@@@@@@@@@@@........................
@@@@@@@@@@@@@@@.............................................................................@@@@@@@@@@@@@.............@@@@@@@@@@.................................................................@@@@@@.@@@@@@@@@@@...........@@@@@@@@@@@.......................
@@@@@@@@@@@@@@@............................................................................@@@@@@@@@@@@@...............@@@@@@@@@@.................................................................@@@@...@@@@@@@@@@@...........@@@@@@@@@@@......................
@@@@@@@@@@@@@@@@..........................................................................@@@@@@@@@@@@..................@@@@@@@@@@..............................................................@..@......@@@@@@@@@@@...........@@@@@@@@@@@................@@...
@@@@@@@@@@@@@@@@@.......................................................................@@@@@@@@@@@@@....................@@@@@@@@@@............................................................@@@.........@@@@@@@@@@............@@@@@@@@@@@..............@@@@@.
@@@@@@@@@@@@@@@@@@.....................................................................@@@@@@@@@@@@@......................@@@@@@@@@@.........................................................@@@@@..........@@@@@@@@@@............@@@@@@@@@@@............@@@@@@@
@@@@@@@@@@@@@@@@@@....................................................................@@@@@@@@@@@@@........................@@@@@@@@@@.......................................................@@@@@@@..........@@@@@@@@@@............@@@@@@@@@@@...........@@@@@@@
@@@@@@@@@@@@@@@@@@@..................................................................@@@@@@@@@@@@...........................@@@@@@@@.......................................................@@@@@@@@@..........@@@@@@@@@@............@@@@@@@@@@@...........@@@@@@
@@@@@@@@@@@@@@@@@@@@................................................................@@@@@@@@@@@@............@................@@@@@@.........................................................@@@@@@@@...........@@@@@@@@@@............@@@@@@@@@............@@@@@@
@@@@@@@@@@@@@@@@@@@@@.............................................................@@@@@@@@@@@@@...........@@@@................@@@............................................................@@@@@@@@..........@@@@@@@@@@@............@@@@@@@..............@@@@@
@@@@@@@@@@@@@@@@@@@@@............................................................@@@@@@@@@@@@@...........@@@@@.@@..............@......................................................@.....@@@@@@@@@...........@@@@@@@@@@@............@@@@@.................@@@
@@@@@@@@@@@@@@@@@@@@@@..........................................................@@@@@@@@@@@@@...........@@@@@@@@@@.@................................................................@@@@..@@@@@@@@@@@@...........@@@@@@@@@@@............@@@.....................
@@@@@@@@@@@@@@@@@@@@@@@........................................................@@@@@@@@@@@@...........@@@@@@@@@@@@@@@.....................@........................................@@@@@.@@@@@@@@@@@@@@...........@@@@@@@@@@@............@......................
@@@@@@@@@@@@@@@@@@@@@@@@.....................................................@@@@@@@@@@@@@...........@@@@@@@@@@@@@@@@@...................@@@........................................@@@@@@@@@@@@@@@@@@@............@@@@@@@@@....................................
@@@@@@@@@@@@@@@@@@@@@@@@....................................................@@@@@@@@@@@@@.............@@@@@@@@@@@@@@@@@.................@@@@@.......................................@@@@@@@@@@@@@@.@@@@@............@@@@@@@.....................................
@@@@@@@@@@@@@@@@@@@@@@@@@..................................................@@@@@@@@@@@@@...............@@@@@@@@@@@@@@@@@................@@@@@@.......................................@@@@@@@@@@@@...@@@@.............@@@@@......................................
@@@@@@@@@@@@@@@@@@@@@@@@@@..................................................@@@@@@@@@@.........@........@@@@@@@@@@@@@@@@@..............@@@@@@@@.......................................@@@@@@@@@@....@@@@@.............@@@.......................................
@@@@@@@@@@@@@@@@@@@@@@@@@....................................................@@@@@@@..........@@@........@@@@@@@@@@@@@@@@@............@@@@@@@@@@.......................................@@@@@@@.......@@@...............@........................................
@@@@@@@@@@@@@@@@@@@@@@@@.....................................................@@@@@@@.........@@@@@........@@@@@@@@@@@@@@@..............@@@@@@@@@@......................................@@@@@@.........@.........@...............................................
@@@@@@@@@@@@@@@@@@@@@@........................................................@@@@@...........@@@@@........@@@@@@@@@@@@@................@@@@@@@@@@......................................@@@@@@..........@......@@@..............................................
@@@@@@@@@@@@@@@@@@@@@..........................................................@@@@...........@@@@@@........@@@@@@@@@@.................@@@@@@@@@@@@......................................@@@@@@........@@@.....@@@..............................................
@@@@@@@@@@@@@@@@@@@@............................................................@@@@........@..@@@@@.....@...@@@@@@@@.................@@@@@@@@@@@@........................................@@@@@......@@@@@......@...............................................
@@@@@@@@@@@@@@@@@@..............................................................@@@@@......@@..@@@@@@...@@@...@@@@@@.................@@@@@@@@@@@@.........................................@@@@@@....@@@@@.......................................................
@@@@@@@@@@@@@@@@@................................................................@@@@.....@@@.@@@@@@@@.@@@@@...@@@@.................@@@@@@@@@@@@...........................................@@@@....@@@@@@@......................................................
@@@@@@@@@@@@@@@@..................................................................@@@@...@@@@@@@@@@@@@@@@@@@@.@@@@.................@@@@@@@@@@@@.............................................@.......@@@@@.......................................................
@@@@@@@@@@@@@@....................................................................@@@@@..@@@@@@@@@@@@@@@@@@@@@@@@@@...............@@@@@@@@@..@.......................................................@.@........................................................
.@@@@@@@@@@@@......................................................................@@@@...@@@@@@@@@@@@@@@@@@@@@@@@@@.............@@@@@@@@@......................................................................................................................
.@@@@@@@@@@@........................................................................@@@@@@@@@@@@@@@@@@@@@@@@@@@@@@@@@...........@@@@@@@@@.......................................................................................................................
..@@@@@@@@..........................................................................@@@@@@@@@@@@@@.@.@@@@@@@@@@@@@@@@..........@@@@@@@@@........................................................................................................................
@.@@@@@@@..........................................................................@@@@@@@@@@@@@@....@@@@@@@@@@@@@@@@@........@@@@@@@@@.........................................................................................................................
@..@@@@@..........................................................................@@@@@@@@@@@@@.......@@@@@@@@@@@@@@@@@@.....@@@@@@@@@@.........................................................................................................................
@@.@@@...........................................................................@@@@@@@@@@@@@.........@@@@@@@@@@@@@@@@@@...@@@@@@@@@@..........................................................................................................................
@@..@...........................................................................@@@@@@@@@@@@@..........@@@@@@@@@@@@@@@@@...@@@@@@@@@@@..........................................................................................................................
@.@..............................................................................@@@@@@@@@@@@...........@@@@@@.@@@@@@@@...@@@@@@@@@@@...........................................................................................................................
.@@@..............................................................................@@@@@@@@@@...........@@@@@@...@@@@@@...@@@@@@@@@@@............................................................................................................................
@@@@@.............................................................................@@@@@@@@@@@.........@@@@@@.....@@@@@@.@@@@@@@@@@@.............................................................................................................................
@@@@@@.........................................@...................................@@@@@@@@@@........@@@@@@@......@@@@@@@@@@@@@@@@..............................................................................................................................
@@@@@@.......................................@@@@...................................@@@@@@@@@@......@@@@@@@........@@@@@@@@@@@@@@@..............................................................................................................................
@@@@@@@.....................................@@@@@....................................@@@@@@@@@@....@@@@@@@..........@@@@@@@@@@@@@...............................................................................................................................
@@@@@@.....................................@@@@@@@...................................@@@@@@@@@@@..@@@@@@@@@..........@@@@@@@@@@@................................................................................................................................
@@@@@....................................@@@@@@@@@@...................................@@@@@@@@@@.@@@@@@@@@@@..........@@@@@@@@@.................................................................................................................................
@@@@....................................@@@@@@@@@@@.................................@@@@@@@@@@@@@@@@@@@@@@@............@@@@@@@........................................@.........................................................................................
@@....................................@@@@@@@@@@@@@@...............................@@@@@@@@@@@@@@@@@@@@@@@@@@...........@@@@@@@......................................@@@.......................................................................................@
@....................................@@@@@@@@@@@@@@.................@.............@@@@@@@@@@@@@@@@@@@@@@@@@@.............@@@@@@@....................................@@@@@.....................................................................................@@
...................................@@@@@@@@@@@@@@@.................@@@..........@@@@@@@@@@@@@.@@@@@@@@@@@@@@@.............@@@@@@...................................@@@@@@@...................................................................................@@@
..................................@@@@@@@@@@@@@@@................@@@@@@........@@@@@@@@@@@@@...@@@.@@@@@@@@@@@..............@@@@@................................@@@@@@@@@@................................................................................@@@@@
.................................@@@@@@@@@@@@@@.................@@@@@@@.......@@@@@@@@@@@@.....@@@..@@@@@@@@@@@............@@@@@@@..............................@@@@@@@@@@@@@............................................................................@@@@@@@
................................@@@@@@@@@@@@@@.................@@@@@@@@@....@@@@@@@@@@@@@.......@....@@@@@@@@@@@..........@@@@@@@@@...........................@@@@@@@@@@@@@@@@.........................................................................@@@@@@@@.
..............................@@@@@@@@@@@@@.@...................@@@@@@@@@.@@@@@@@@@@@@@@..............@@@@@@@@@@@@.......@@@@@@@@@@@.........................@@@@@@@@@@@@@@@@@@......................................................................@@@@@@@@@@.
.............................@@@@@@@@@@@@@.......................@@@@@@@@@.@@@@@@@@@@@@................@@@@@@@@@@@@.....@@@@@@@@@@@@@.......................@@@@@@@.@.@@@@@@@@@@...................................................................@@@@@@@@@@@@.
............................@@@@@@@@@@@@@........@...............@@@@@@@@@.@@@@@@@@@@........@..........@@@@@@@@@@@@...@@@@@@@@@@@@@@@....................@@@@@@@@....@@@@@@@@@@@.................................................................@@@@@@@@@@@@@@
...........................@@@@@@@@@@@@@..........@.......@.......@@@@@@@@@.@@@@@@@@.......@@@@..........@@@@@@@@@@@@.@@@@@@@@@@@@@@@@@..................@@@@@@@.......@@@@@@@@@@@..............................................................@@@@@@@@@...@@@@
..........................@@@@@@@@@@@@@...........@@.....@@@.......@@@@@@@@@@@@@@@@.......@@@@@@..........@@@@@@@@@@@@@@@@@@@@@@@@@@@@@@................@@@@@@@.........@@@@@@@@@@.............................................................@@@@@@@@.....@@@@
...........................@@@@@@@@@@@.............@....@@@@@.......@@@@@@@@@@@@@........@@@@@@@...........@@@@@@@@@@@@@@@@@@@@.@@@@@@@@@.............@@@@@@@@...........@@@@@@@@@@..........................................................@@@@@@@@@@......@@@
............................@@@@@@@@...................@@@@@@@.......@@@@@@@@@.@.......@@@@@@@@@@...........@@@@@@@@@@@@@@@@@@...@@@@@@@@@...........@@@@@.@..............@@@@@@@@@@.......................................................@@@@@@@@@@@@@.....@@@
............................@@@@@@@..................@@@@@@@@@@......@@@@@@@@.........@@@@@@@@@@@@...........@@@@@@@@@@@@@@@@.....@@@@@@@@@.........@@@@@@@..............@@@@@@@@@@@@.....................................................@@@@@@.@@@@@@@@...@@@@
.............................@@@@...................@@@@@@@@@@@@......@@@@@@........@@@@@@@@@@@@@@@...........@@@@@@@@@@@@@@......@@@@@@@@........@@@@@@@@@@..........@.@@@@@@@@@@@@@...................................................@@@@@@@..@@@@@@@..@@@@@@
..............................@@...................@@@@@@@@@@@@@@......@..@........@@@@@@@@@@@@@@@@............@@@@@@@@@@@@........@@@@@@........@@@@@@@@@@@.........@@@@@@@@@@@@@@@@@.................................................@@@@@@@...@@@@@@@@.@@@@@@
..................................................@@@@@@@@@@@@@@.................@@@@@@@@@@@@@@@@@@@............@@@@@@@@@@..........@@@...........@@@@@@@@@@@.@......@@@@@@@@@@@@@@@@@@.............................................@...@@@@@....@@@@@@@@@@@@@@@
................................................@@@@@@@@@@@@@@@.................@@@@@@@@@@@@@@@@@@@..............@@@@@@@@@@..........@............@@@.@@@@@@@@@....@@@@@@@@@@@@@@@@@@@@@..........................................@@@@...@@.......@@@@@@@@@@@@@@
...............................................@@@@@@@@@@@@@@..................@@@@@@@@@@@@@@@@@@.................@@@@@@@@@@.......................@..@@@@@@@@@...@@@@@@@@@@@@@@@@@@@@@@.........................................@@@@@............@@@@@@@@@@@@@@
.............................................@@@@@@@@@@@@@@@@................@@@@@@@@@@@@@@@@@@@...................@@@@@@@@@@..........................@@@@@@@@@@@@@@@@@@@@@@@@@@@@@@@@@@......................................@@@@@@@@...........@@@@@@@@@@@@@@
............................................@@@@@@@@@@@@@@@@................@@@@@@@@@@@@@@@@@@@.....................@@@@@@@@@..........................@@@@@@@@@@@@@@@@@@@@@@@@@@@@@@@@@@@...................................@@@@@@@@@@........@@@@@@@@@@@@@@@@@
...........................................@@@@@@@@@@@@@@@@.................@@@@@@@@@@@@@@@@@........................@@@@@@@@@..........................@@@@@@@@@@@@@@@@@@@@@@@@@@@@@@@@@@@.................................@@@@@@@@@@@@.....@@@@@@@@@@@@@@@@@@@
..........................................@@@@@@@@@@@@@@@@...................@@@@@@@@@@@@@@@..........................@@@@@@@@@..........................@@@@@@@@@@@@@@@@@@@@@@@@@@@@@@@@@@@..............................@@@@@@@@@@@@@@@..@@@@@@@@@@@@@@@@@@@..
.........................................@@@@@@@@@@@@@@@.....................@@@@@@@@@@@@@.............................@@@@@@@...........................@@@@@@@@@@@@@@@@@@@@@@@@@@@@@@@@@@@.............................@@@@@@@@@@@@@@@@...@@@@@@@@@@@@@@@@....
.........@..............................@@@@@@@@@@@@@@@.....................@@@@@@@@@@@@@@@.............................@@@@@.............................@@@@@@@@@@@@@@@@@@@@@@@@@@@@@@@@@@@..........................@@@@@@@.@@@@@@@@@@@...@@@@@@@@@@@@@......
........@@@...........................@@@@@@@.@@@@@@@........................@@@@@@@@@@@.@@..............................@@@.............................@@@@@@@@@@@@@@@@@@@@@@@@@@@@@@@@@@@@@........................@@@@@@@...@@@@@@@@@@.@@@@@@@@@@@@.........
......@@@@@@.........................@@@@@@@...@@@@..........................@@@@@@@@@...@@@..............................@.............................@@@@@@@@@@@@@@@@@@@@@@@@@@@@@@@@@@@@@@@.....................@@@@@@@@@....@@@@@@@@@@@@@@@@@@.............
.....@@@@@@@........................@@@@@@@@@...@.............................@@@@@@......@@@..........................................................@@@@@@@@@@@@@@@@@@@@@@@@@@@@@@@@@@@@@@@.....................@@@@@@@@@@@...@@@@@@@@@@@@@@@................
....@@@@@@@@@......................@@@@@@@@@@@.................................@.@.........@@...........................................................@@@@@@@@@@@@@@@@@@@@@@@@@@@@@@@@@@@@........................@@@@@@@@@@..@@@@@@@@@@@@@@..................
..@@@@@@@@@@@@...................@@@@@@@@@@@@@@............................................@@@...........................................................@@@@@@@@@@@@@@@@@@@@@@@@@@@@@@@@@..........................@@@@@@@@@@@@@@@@@@@@@@@@....................
.@@@@@@@@@@@@...................@@@@@@@@@@@@@@@.............................................@@@.........................................................@@@@@@@@@@@@@@@@@@@@@@@@@@@@@@@@@............................@@@@@@@@@@@@@@@@@@@@@......................
@@@@@@@@@@@@...................@@@@@@@@@@@@@@@@@.............................................@@.........................................................@@@@@@@@@@@@@@@@@@@@@@@@@@@@@@@...............................@@@@@@@@@@@@@@@@@@........................
@@@@@@@@@@@...................@@@@@@@@@@@@@@@@@..............................................@@@.........................................................@@@@@@@@@@@@@@@@@@@@@@@@@@@@..................................@@@@@@@@@@...@@.........................@
.@@@@@@@@@...................@@@@@@@@@@@@@@@@@@@..............................................@@@........................................................@@@@@@@@@@@@@@@@@@@@@@@@@@....................................@@@@@@@@@.............................@@@
.@@@@@@@@..................@@@@@@@@@@@@@@@@@@@@@@............................................@@@@@........................................................@@@@@@@@@@@@@@@@@@@@@@@@......................................@@@@@@...............................@@@
..@@@@@...................@@@@@@@@.@@@@@@@@@@@@@@...........................................@@@@@@........................................................@@@@@@@@@@@@@@@@@@@@@@........................................@@@@..................................@@
..@@@@...................@@@@@@@@...@@@@@@@@@@@@@@...........................................@@@@@@..........@.............................................@@@@@@@@@@@@@@@@@@@...........................................@....................................@@
...@@.....................@@@@@.....@@@@@@@@@@@@@@@..........................................@@@@@@@.......@@@@............................................@@@@@@@@@@@@@@@@@@.......................................................................@@.........@
...........................@@@.......@@@@@@@@@@@@@@@..........................................@@@@@@@...@@@@@@@@............................................@@@@@@@@@@@@@@@.......................................................................@@@@.........@
............................@.........@.@@@@@@@@@@@@@.........................................@@@@@@@..@@@@@@@@@.............................................@@@@@@@@@@@@..................@...................................................@@@@@@@@.........
........................................@@@@@@@@@@@@@..........................................@@@@@@@.@@@@@@@@@@@...........................................@@@@@@@@@@..................@@@@................................................@@@@@@@@@@.........
.........................................@@@@@@@@@@@@@..........................................@@@@@@@@@@@@@@@@@@............................................@@@@@@@...................@@@@@.............................................@@@@@@@@@@@@@.........
..........................................@@@@@@@@@@@@@.........................................@@@@@@@@@@@@@@@@@................................................@@...................@@@@@@@@........................................@@@@@@@@@@@@@@@@@@........
...........................................@@@@@@@@@@@...........................................@@@@@@@@@@@@@@.....................................................................@@@@@@@@@@.....................................@@@@@@@@@@@@@@@@@@@@@........
...........................................@@@@@@@@@@@@..........................................@@@@@@@@@@@@@.....................................................................@@@@@@@@@@@@..................................@@@@@@@@@@@@@@@@@@@@@.........@
............................................@@@@@@@@.@............................................@@@@@@@@@@.....................................................................@@@@@@@@@@@@@@..................................@@@@@@@@@@@@@@@@@@@.........@@@
.............................................@@@@@@@..............................................@@@@@@@@@@@...................................................................@@@@@@@@@@@@@@@@.................................@@@@@@@@@@@@@@@@@.........@@@@@
...........................................@@@@@@@@@@............................................@@@@@@@@@@@@@...................................................................@@@@@@@@@@@@@@@@.................................@@@@@@@@@@@@@@..........@@@@@@
..........................................@@@@@@@@@@@............................................@@@@@@@@@@@@@@..................................................................@@@@@@@@@@@@@@@@@.................................@@@@@@@@@@@..........@@@@@@@.
........................................@@@@@@@@@@@@@@............................................@@.@@@@@@@@@@...................................................................@@@@@@@@@@@@@@@..................................@@@@@@@@@@@........@@@@@@@...
......................................@@@@@@@@@@@@@@@@@...............................................@@@@@@@@@@...................................................................@@@@@@@@@@@@.....................................@@@@@@@@@@......@@@@@@@@@..@
.....................................@@@@@@@@@@@@@@@@@..................................................@@@@@@@@@..................................................................@@@@@@@@@@....................@...................@@@@@@@@@@...@@@@@@@@@@@@@@
...................................@@@@@@@@@@@@@@@@@....................................................@@@@@@@@@@.................................................................@@@@@@@@@...................@@@@...................@@@@@@@@@.@@@@@@@@@@@@@@@@
..................................@@@@@@@@@@@@@@@@@......................................................@@@@@@@@@@.................................................................@@@@@@....................@@@@@...................@@@@@@@@@@@@@@@@@@@@@@@@@@
................................@@@@@@@@@@@@@@@@@........................................................@@@@@@@@@@.................................................................@@@@....................@@@@@@@@...................@@@@@@@@@@@@@@@@@@@@@@@@@
...............................@@@@@@@@@@@@@@@@@..........................................................@@@@@@@@@@.................................................................@....................@@@@@@@@@@@...................@@@@@@@@@@@@@@..@...@@@@
...............................@@@@@@@@@@@@@@@@............................................................@@@@@@@@@.....................................................................................@@@@@@@@@@@@@..................@@@@@@@@@@@.........@@@@
................................@@@@@@@@@@@@@..............................................................@@@@@@@@@@..................................................................................@@@@@@@@@@@@@@@...................@@@@@@@@@@.......@@@@@@
...............................@@@@@@@@@@@@@.....................................................@..........@@@@@@@@@@................................................................................@@@@@@@@@@@@@@@@@...................@@@@@@@@@@.....@@@@@@@
@............................@@@@@@@@@@@@@......................................................@@@..........@@@@@@@@@@.............................................................................@@@@@@@@@@@@@.@@@@@@...................@@@@@@@@@@...@@@@@@@.
@........................@..@@@@@@@@@@@@@......................................................@@@@...........@@@@@@@@@...........................................................................@@@@@@@@@@@@@...@@@@@@@...................@@@@@@@@@.@@@@@@@@..
@@................@@...@@@@@@@@@@@@@@@@.......................................................@@@@@@...........@@@@@@@@@.........................................................................@@@@@@@@@@@@......@@@@@@...................@@@@@@@@@@@@@@@@....
@@...............@@@@.@@@@@@@@@@@@@@@@......................................................@@@@@@@@@..........@@@@@@@@@@......................................................................@@@@@@@@@@@@@........@@@@@@...................@@@@@@@@@@@@@@.....
@@@..............@@@@@@@@@@@@@@@@@@@@......................................................@@@@@@@@@@@..........@@@@@@@@@@...................................................................@@@@@@@@@@@@@...........@@@@@@...................@@@@@@@@@@@.......
@@@...............@@@@@@@@@@@@@@@@@......................................................@@@@@@@@@@@@@...........@@@@@@@@@.................................................................@@@@@@@@@@@@@@............@@@@@@@..................@@@@@@@@@.........
@@.................@@@@@@@@@@@@@@@......................................................@@@@@@@@@@@@@@@..........@@@@@@@@@@...............................................................@@@@@@@@@@@@@...............@@@@@@...................@@@@@@@@@........
@................@@@@@@@@@@@@@@@......................................................@@@@@@@@@@@@@@@@@@..........@@@@@@@@..............................................................@@@@@@@@@@@@@..................@@@@@@...................@@@@@@@@..@@....
................@@@@@@@@@@@@@@.......................................................@@@@@@@@@@@@@@@@@@@...........@@@@@..............................................................@@@@@@@@@@@@@@@@.................@@@@@@@...................@@@@@@@@@@@@...
..............@@@@@@@@@@@@@@@@@....................................................@@@@@@@@@@@@@@@@@@@@@@..........@@@@..............................................................@@@@@@@@@@@@@@@@@..................@@@@@@@...................@@@@@@@@@@....
............@@@@@@@@@@@@@@@@@@@@..............................................@...@@@@@@@@@@@@@@@@@@@@@@............@..............................................................@@@@@@@@@@@@@@@@@@@@..................@@@@@@....................@@@@@@@......
...........@@@@@@@@@@@@@@@@@@@@@@...........................................@@@@@@@@@@@@@@@@@@@@@@@@@@...........................................................................@@@@@@@@@@@@@@@@@@@@@@@..................@@@@@@...................@@@@@@@@.....
.........@@@@@@@@@@@@@@@@@@@@@@@@..........................................@@@@@@@@@@@@@@@@@@@@@@@@@@@..........................................................................@@@@@@@@@@@@@@@@@@@@@@@@..................@@@@@@@...................@@@@@@@@....
........@@@@@@@@@@@...@@@@@@@@@@@@.......................................@@@@@@@@@@@@@@@@@@@@@@@@@@@@.........................................................................@@@@@@@@@@@@@@@@@@@@@@@@@@@..................@@@@@@@...................@@@@@@@@...
......@@@@@@@@@@@@....@@@@@@@@@@@@@.....................................@@@.@@@@@@@@@@@@@@@@@@@@@@@.........................................................................@@@@@@@@@@@@@@@@@@@@@@@@@@@@@@...............@@@@@@@@@@..................@@@@@@@@...
....@@@@@@@@@@@@.....@@@@@@@@@@@@@@@..................................@@@@...@@@@@@@@@@@@@@@@@@@@@.........................................................................@@@@@@@@@@@@@@@@@@@@@@@@@@@@@@@.............@@@@@@@@@@@@@..................@@@@@@@@.@
...@@@@@@@@@@@@....@@@@@@@@@@@@@@@@@.@..............................@@@@......@@@@@@@@@@@@@@@@@@.........................................................................@@@@@@@@@@@@@@@@@@@@@@@@@@@@@@@@@@..........@@@@@@@@@@@@@@....................@@@@@@@@@
....@@@@@@@@@.....@@@@@@@@@@@@@@@@@@@@@............................@@@@.@......@@@@@@@@@@@@@@@@........................................................................@@@@@@@@@@@@@@@@@@@@@@@@@@@@@@@@@@@..........@@@@@@@@@@@@@......................@@@@@@@@@
..@@@@@@@@@@@@...@@@@@@@@@@@@@@@@@@@@@@@.........................@@@@@@@@@...@@@@@@@@@@@@@@@@.........................................................................@@@@@@@@@@@@@@@@@@@@@@@@@@@@@@@@@@..........@@@@@@@@@@@@@.........................@@@@@@@@
@@@@@@@@@@@@@..@@@@@@@@@@@@@@@@@@@@@@@@@@.......................@@@@@@@@@@.@@@@.@@@@@@@@@@@@........................................................................@@@@@@@@@@@@@@@@@@@@@@@@@@@@@@@@@@..........@@@@@@@@@@@@@............................@@@@@@@
@@@@@@@@@@@...@@@@@@@@@@@@@@@@@@@@@@@@@@@.....................@@@@@@@@@@@@@@@@@@@@@@@@@@@@........................................................................@@@@@@@@@@@@@@@@@@@@@@@@@@@@@@@@@@@.........@@@@@@@@@@@@@@..............................@@@@@@
@@@@@@@@@@.....@@@@@@@@@@@@@@@@@@@@@@@@@@@...................@@@@@@@@@@@@@@@.....@@@@@@@@........................................................................@@@@@@@@@@@@@@@@@@@@@@@@@@@@@@@@@@..........@@@@@@@@@@@@@................................@@@@@@
@@@@@@.@........@@@@@@@@@@@@@@@@@@@@@@@@@@@...................@@@@@@@@@@@@@@@.....@@@@@........................................................................@@@@@@@@@@@@@@@@@@@@@@@@@@@@@@@@@@.............@@@@@@@@@@...................................@@@@@
@@@@............@@@@@@@@@@@@@@@@@@@@@@@@@@@....................@@@@@@@@@@@@@@.....@@@@.......................................................................@@@@@@@@@@@@@@@@@@@@@@@@@@@@@@@@@@...............@@@@@@@@@.....................................@@@@
@@@@@............@@@@@@@@@@@@@@@@@@@@@@@@@...................@@@@@@@@@@@@@@@@@.....@.......................................................................@@@@@@@@@@@@@@@@@@@@@@@@@@@@@@@@@@@.................@@@@@@.......................................@@@@
@@@@@.........@..@@@@@@@@@@@@@@@@@@@@@@@@@@.................@@@@@@@@@@@@@@@@@.............................................................................@@@@@@@@@@@@@@@@@@@@@@@@@@@@@@@@@@...................@@@@..........................................@@@
@@@@@@......@@@@@@@@@@@@@@@@@@@@@@@@@@@@@@@................@@@@@@@@@@@@@@@@.............................................................................@@@@@@@@@@@@@@@@@@@@@@@@@@@@@@@@@@......................@.............................................@@
@@@@@@@...@@@@@@@@@@@@@@@@@@@@@@@@@@@@@@@@@@.............@@@@@@@@@@@@@@@@@............................................................................@@@@@@@@@@@@@@@@@@@@@@@@@@@@@@@@@@@......................................................................@
@@@@@@@..@@@@@@@@@@@@@@@@@@@@@@@@@@@@@@@@@@@@...........@@@@@@@@@@@@@@@@.............................................................................@@@@@@@@@@@@@@@@@@@@@@@@@@@@@@@@@@.........................................................................
@@@@@@@@.@@@@@@@@@@@@@@@@@@@@@@@@@@@@@@@@@@@@.........@@@@@@@@@@@@@@@@@............................................................................@@@@@@@@@@@@@@@@@@@@@@@@@@@@@@@@@@...........................................................................
@@@@@@@@.@@@@@@@@@@@@@@@@@@@@@@@@@@@@@@@@@@@@@.......@@@@@@@@@@@@@@@@@...........................................................................@@@@@@@@@@@@@@@@@@@@@@@@@@@@@@@@@@.............................................................................
@@@@@@@@@@@@@@@@@@@@@@@@@@@@@@@@@@...@@@@@@@@@......@@@@@@@@@@@@@@@@............................................................................@@@@@@@@@@@@@@@@@@@@@@@@@@@@@@@@@@...........@..................................................................
@@@@@@@@@@@@@@@@@@@@@@@@@@@@@@@@@@....@@@@@@@@@...@@@@@@@@@@@@@@@@@...........................................................................@@@@@@@@@@@@@@@@@@@@@@@@@@@@@@@@@@...........@@@@.................................................................
@@@@@@@@@@@@@@@@@@@@@@@@@@@@@@@@@@....@@@@@@@@@@.@@@@@@@@@@@@@@@@...........................................................................@@@@@@@@@@@@@@@@@@@@@@@@@@@@@@@@@@...........@@@@@@.................................................................
@@@@@@@@@@@@@@@@@@@@@@@@@@@@@@@@@@@....@@@@@@@@@.@@@@@@@@@@@@@@@...........................................................................@@@@@@@@@@@@@@@@@@@@@@@@@@@@@@@@@@..........@@@@@@@@@................................................................
.@@@@@@@@@@@@@@@@@@@@@@@@@@@@@@@@@...@@@@@@@@@@@@@@@@@@@@@@@@@...........................................................................@@@@@@@@@@@@@@@@@@@@@@@@@@@@@@@@@@..........@@@@@@@@@@@................................................................
.@@@@@@@@@@@@@@@@@@@@@@@@@@@@@@@@...@@@@@@@@@@@@@@@@@@@@@@@@@..........................................................................@@@@@@@@@@@@@@@@@@@@@@@@@@@@@@@@@@..........@@@@@@@@@@@@@@...............................................................
..@@@@@@@@@@@@@@@@@@@@@@@@@@@@@....@@@@@.@@@@@@@@@@@@@@@@@@@...........@..............................................................@@@@@@@@@@@@@@@@@@@@@@@@@@@@@@@@@..........@@@@@@@@@@@@@@@......................@.........................................
..@@@@@@@@@@@@@@@@@@@@@@@@@@@@...@@@@@....@@@@@@@@@@@@@@@@...........@@@@...........................................................@@@@@@@@@@@@@@@@@@@@@@@@@@@@@@@@@@.........@@@@@@@@@@@@@@@.......................@@@........................................
...@@@@@@@@@@@@@@@@@@@@@@@@@@...@@@@@......@@@@@@@@@@@@@@..........@@@@@@.........................................................@@@@@@@@@@@@@@@@@@@@@@@@@@@@@@@@@@.........@@@@@@@@@@@@@@@.......................@@@@@........................................
..@@@@@@@@@@@@@@@@@@@@@@@@@...@@@@@@.....@@@@@@@@@@@@.@...........@@@@@@.........................................................@@@@@@@@@@@@@@@@@@@@@@@@@@@@@@@@@..........@@@@@@@@@@@@@@@.......................@@@@@@@.......................................
.@@@@@@@@@@@@@@@@@@@@@@@@@...@@@@@......@@@@@@@@@@@@............@@@@@@...@........................................................@@@@@@@@@@@@@@@@@@@@@@@@@@@@@@@.........@@@@@@@@@@@@@@@........................@@@@@@@@.......................................
@@@@@@@@@@@@@@@@@@@@@@@@@...@@@@@......@@@@@@@@@@@............@@@@@@@..@@@@.......................................................@@@@@@@@@@@@@@@@@@@@@@@@@@@@@..........@@@@@@@@@@@@@@@.......................@@@@@@@@@@@......................................
@@@@@@@@@@@@@@@@@@@@@@@...@@@@@......@@@@@@@@@@@.............@@@@@@...@@@@@........................................................@@@@@@@@@@@@@@@@@@@@@@@@@@..........@@@@@@@@@@@@@@@.......................@@@@@@@@@@@@@......................................
@@@@@@@@@@@@@@@@@@@@@@@@@@@@@@......@@@@@@@@@@@@@@.........@@@@@@....@@@@@@@.......................................................@@@@@@@@@@@@@@@@@@@@@@@@..........@@@@@@@@@@@@@@@.......................@@@@@@@@@@@@@@@@.....................................
@@@@@@@@@@@@@@@@@@@@@@@@@@@@@......@@@@@@@@@@@@@@@@.......@@@@@@@@.@@@@@@@@@........................................................@@@@@@@@@@@@@@@@@@@@@@..........@@@@@@@@@@@@@@@......................@@@@@@@@@@@@@@@@@@@....................................
@@@@@@@@@@@@@@@@@@@...@@@@@....@.@@@@@@@@@@@..@@@@......@@@@@@@.@@@@@@@@@@@@@.......................................................@@@@@@@@@@@@@@@@@@@@..........@@@@@@@@@@@@@@@.......................@@@@@@@@@@@@@@@@@@@@....................................
@@@@@@@@@@@@@@@@@@@@.........@@@@@@@@@@@@@@....@......@@@@@@@...@@@@@@@@@@@@@........................................................@@@@@@@@@@@@@@@@@...........@@@@@@@@@@@@@@@......................@@@@@@@@@@@@@@.@@@@@@@@...................................
@@@@@@@@@@.@@@@@@@@@@......@@@@@@@@@@@@@@@...........@@@@@@...@@@@@@@@@@@@@@@@........................................................@@@@@@@@@@@@@@@..........@@@@@@@@@@@@@@@......................@@@@@@@@@@@@@@...@@@@@@@@...................................
@@@@@@@@...@@@@@@@@@@@....@@@@@@@@@@@@@@.............@@@@....@@@@@@@@@@@@@@@@.........................................................@@@@@@@@@@@@@..........@@@@@@@@@@@@@@@......................@@@@@@@@@@@@@@@.....@@@@@@@@..................................
.@@@@@......@@@@@@@@@@....@@@@@@@@@@@@@...............@@......@@@@@@@@@@@@@............................................................@@@@@@@@@@...........@@@@@@@@@@@@@@......................@@@@@@@@@@@@@@@.......@@@@@@@@..................................
.@@@@@@.....@@@@@@@@@@@....@@@@@@@@@@@........................@@@@@@@@@@@@.....@.......................................................@@@@@@@@..............@@@@@@@@@@@.......................@@@@@@@@@@@@@@..........@@@@@@@@.................................
..@@@@@......@@@@@@@@@@@.@@@@@@@@@@@...........................@@@@@@@@@.....@@@@.......................................................@@@@@@................@@@@@@@@@......................@@@@@@@@@@@@@@@...........@@@@@@@@@................................
...@@@@@......@@@@@@@@@@@@@@@@@@@@@............................@@@@@@@@....@@@@@@@......................................................@@@@..................@@@@@@@......................@@@@@@@@@@@@@@@..............@@@@@@@@................................
...@@@@@@.....@@@@@@@@@@@@@@@@@@@@.......................@......@@@@@.....@@@@@@@@.......................................................@.....................@@@@......................@@@@@@@@@@@@@@@................@@@@@@@@@...............................
....@@@@@......@@@@@@@@@@@@@@@.@.......................@@@@.....@@@@....@@@@@@@@@@@.............................................................................@......................@@@@@@@@@@@@@@@...................@@@@@@@@...............................
....@@@@@@......@@@@@@@@@@@@@........................@@@@@@......@.....@@@@@@@@@@@....................................................................................................@@@@@@@@@@@@@@...................@@@@@@@@@@@..............................
.....@@@@@@.....@@@@@@@@@@@.........................@@@@@@@@..........@@@@@@@@@@....................................................................................................@@@@@@@@@@@@@@@@@................@@@@@@@@@@@@@..............................
......@@@@@@.....@@@@@@@@@@@.............@@.........@@@@@@@@...........@@@@@@@@...................................................................................................@@@@@@@@@@@@@@@@@@@...............@@@@@@@@@@@@@@@.............................
......@@@@@@.....@@@@@@@@@@@.............@@.........@@@@@@@@...........@@@@@@@@...................................................................................................@@@@@@@@@@@@@@@@@@@...............@@@@@@@@@@@@@@@.............................
......@@@@@@.....@@@@@@@@@@@.............@@.........@@@@@@@@...........@@@@@@@@...................................................................................................@@@@@@@@@@@@@@@@@@@...............@@@@@@@@@@@@@@@.............................
......@@@@@@.....@@@@@@@@@@@.............@@.........@@@@@@@@...........@@@@@@@@...................................................................................................@@@@@@@@@@@@@@@@@@@...............@@@@@@@@@@@@@@@.............................
......@@@@@@.....@@@@@@@@@.............@@@@@.........@@@@@@............@@@@@@....................................................................................................@@@@@@@@@@@@@@@@@@@@@............@@@@@@@@@@@@@@@@@@............................
.......@@@@@@.....@@@@@@@@@..........@@@@@@@.........@@@@......@........@@@@...................................................................................................@@@@@@@@@@@@@@@@@@@@@@@..........@@@@@@@@@@@@@@@@@@@@............................
........@@@@@@.....@@@@@@@@.........@@@@@@@@@.........@......@@@@........@....................................................................................................@@@@@@@@@@@@@@@@@@@@@@@@@.......@@@@@@@@@@@@@@@@@@@@@@@...........................
........@@@@@@.....@@@@..@@@..@......@@@@@@@@..............@@@@@@...........................................................................................................@@@@@@@@@@@@@@@@@@@@@@@@@@@......@@@@@@@@@@@@@@@@.@@@@@@@@..........................
.........@@@@@@.....@....@@@.@@@.....@@@@@@@@@............@@@@@@@@........................................................................................................@@@@@@@@@@@@@@@@@@@@@@@@@@@@@@...@@@@@@@@@@@@@@@@...@@@@@@@@..........................
.........@@@@@@@..........@@@@@@......@@@@@@@@@.........@@@@@@@@@@@......................................................................................................@@@@@@@@@@@@@@@@@@@@@@@@@@@@@@@.@@@@@@@@@@@@@@@@......@@@@@@@@.........................
..........@@@@@@........@@@@@@@@@.....@@@@@@@@@........@@@@@@@@@@@@....................................................................................................@@@@@@@@@@@@@@@@@@@@@@@@@@@@@@@@@@@@@@@@@@@@@@@@@.......@@@@@@@@@........................
...........@@@@@@......@@@@@@@@@@@.....@@@@@@@@@.....@@@@@@@@@@@@@@@.................................................................................................@@@@@@@@@@@@@@@@@@@@@@@@@@@@@@@@@@@@@@@@@@@@@@@@@..........@@@@@@@@........................
...........@@@@@......@@@@@@@@@@@@@.....@@@@@@@@...@@@@@@@@@@@@@@@@.................................................................................................@@@@@@@@@@@@@@@@@@@@@@@@@@@@@@@@@@@@@@@@@@@@@@@@............@@@@@@@@@.......................
............@@.........@@@@@@@@@@@@.....@@@@@@@@@@@@@@@@@@@@@@@@@.................................................................................................@@@@@@@@@@@@@@@@@@@@@@@@@@@@@@@@@@@@@@@@@@@@@@@@...............@@@@@@@@.......................
.......................@@@@@@@@@@@@@.....@@@@@@@@@@@@@@@@@@@@@@@................................................................................................@@@@@@@@@@@@@@@@.@@@@@@@@@@@@@@@@@@@@@@@@@@@@@@@@................@@@@@@@@@......................
........................@@@@@@@@@@@@@....@@@@@@@@@@@@@@@@@@@@@................................................................................................@@@@@@@@@@@@@@@@...@@@@@@@@@@@@@@@@@@@@@@@@@@@@@@...................@@@@@@@@......................
.........................@@@@@@@@@@@@.....@@@@@@@@@@@@@@@@@@@...............................................................................................@@@@@@@@@@@@@@@@......@@@@@@@@@@@@@@@@@@@@@@@@@@@...................@@@@@@@@@@@.....................
..........................@@@@@@@@@@@@.....@@@@@@@@@@@@@@@@................................................................................................@@@@@@@@@@@@@@@........@@@@@@@@@@@@@@@@@@@@@@@@@@@@................@@@@@@@@@@@@@.....................
..........................@@@@@@@@@@@@@....@@@@@@@@@@@@@@................................................................................................@@@@@@@@@@@@@@@...........@@@@@@@@@@@@@@@@@@@@@@@@@@@...............@@@@@@@@@@@@@@@..................@@
...........................@@@@@@@@@@@@.....@@@@@@@@@@@@...............................................................................................@@@@@@@@@@@@@@@@............@@@@@@@@@@@@@@@@@@@@@@@@@@@@............@@@@@@@@@@@@@@@@@@...............@@@@
............................@@@@@@@@@@@@.....@@@@@@@@@............................@...................................................................@@@@@@@@@@@@@@@...............@@@@@@@@@@@@@@@@@@@@@@@@@@@..........@@@@@@@@@@@@@@@@@@@@..............@@@@@
.............................@@@@@@@@@@@@....@@@@@@@@...........................@@@@...................................................................@@@@@@@@@@@@.................@@@@@@@@@@@@@@@@@@@@@@@@@@@@.......@@@@@@@@@@@@@@@@@@@@@@@..............@@@@
@............................@@@@@@@@@@@@@....@@@@@@..........................@@@@@@...................................................................@@@@@@@@@@@...................@@@@@@@@@@@@@@@@@@@@@@@@@@@......@@@@@@@@@@@@@@@.@@@@@@@@..............@@@@
@.............................@@@@@@@@@@@@....@@@@@.........................@@@@@@@@@......................@............................................@@@@@@@@...................@@@@@@@@@@@@@@@@@@@@@@@@@@@@@@...@@@@@@@@@@@@@@@...@@@@@@@@@..............@@@
@@........................@..@@@@@@@@@@@@@@....@@.........................@@@@@@@@@@@....................@@@@...........................................@@@@@@@@@................@@@@@@@@@@@@@@@@@@@@@@@@@@@@@@@@.@@@@@@@@@@@@@@@......@@@@@@@@@..............@@
@@......................@@@@@@@@@@@@@@@@@@..............................@@@@@@@@@@@@.................@@@@@@@@............................................@@@@@@@@...............@@@@@@@@@@@@@@@@@@@@@@@@@@@@@@@@@@@@@@@@@@@@@@@@........@@@@@@@@..............@@
@......................@@@@@@@@@@@@@@@@@...............................@@@@@@@@@@@.................@@@@@@@@@.............................................@@@@@@@@@............@@@@@@@@@@@@@@@@@@@@@@@@@@@@@@@@@@@@@@@@@@@@@@@@..........@@@@@@@@@..............@
......................@@@@@@@@@@@@@@@@@.................................@@@@@@@@.................@@@@@@@@@................................................@@@@@@@@..........@@@@@@@@@@@@@@@@@@@@@@@@@@@@@@@@@@@@@@@@@@@@@@@@@............@@@@@@@@@..............
.......................@@@@@@@@@@@@@@@..................................@@@@@@@.................@@@@@@@@...................................................@@@@@@@@.......@@@@@@@@@@@@@@@@@@@@@@@@@@@@@@@@@@@@@@@@@@@@@@@@@...............@@@@@@@@..............
.......................@@@@@@@@@@@@@.....................................@@@@..........@......@@@@@@@@@@@.........@........................................@@@@@@@@......@@@@@@@@@@@@@@@.@@@@@@@@@@@@@@@@@@@@@@@@@@@@@@@@.................@@@@@@@@@.............
........................@@@@@@@@@@@.......................................@..........@@@@...@@@@@@@@@.@@........@@@@........................................@@@@@@@@...@@@@@@@@@@@@@@@...@@@@@@@@@@@@@@@@@@@@@@@@@@@@@@@...................@@@@@@@@@............
........................@@@@@@@@@@.................................................@@@@@@.@@@@@@@@@...........@@@@@@........................................@@@@@@@@.@@@@@@@@@@@@@@@......@@@@@@@@@@@@@@@@@@@@@@@@@@@@...................@@@@@@@@@@@............
.........................@@@@@@@......................................@...........@@@@@@@@@@@@@@@@@@........@@@@@@@..........................................@@@@@@@@@@@@@@@@@@@@@@.......@@@@@@@@@@@@@@@@@@@@@@@@@@@@@................@@@@@@@@@@@@@@..........